{"level":"info","ts":"2022-04-14T15:44:21.247+0800","msg":"success:","code":"200 OK","url":"https://www.baidu.com"}

2022-04-14T16:41:41.340+0800	info	Gin_Zap/main.go:97	/	{"status": 404, "method": "GET", "path": "/", "query": "", "ip": "::1", "user-agent": "Mozilla/5.0 (Macintosh; Intel Mac OS X 10_15_7) AppleWebKit/537.36 (KHTML, like Gecko) Chrome/100.0.4896.88 Safari/537.36", "errors": "", "cost": 0.000070033}
2022-04-14T16:41:41.387+0800	info	Gin_Zap/main.go:97	/favicon.ico	{"status": 404, "method": "GET", "path": "/favicon.ico", "query": "", "ip": "::1", "user-agent": "Mozilla/5.0 (Macintosh; Intel Mac OS X 10_15_7) AppleWebKit/537.36 (KHTML, like Gecko) Chrome/100.0.4896.88 Safari/537.36", "errors": "", "cost": 0.00000086}
2022-04-14T16:41:54.064+0800	info	Gin_Zap/main.go:97	/hello/wkp	{"status": 404, "method": "GET", "path": "/hello/wkp", "query": "", "ip": "::1", "user-agent": "Mozilla/5.0 (Macintosh; Intel Mac OS X 10_15_7) AppleWebKit/537.36 (KHTML, like Gecko) Chrome/100.0.4896.88 Safari/537.36", "errors": "", "cost": 0.000000728}
2022-04-14T16:41:58.494+0800	info	Gin_Zap/main.go:97	/hello	{"status": 200, "method": "GET", "path": "/hello", "query": "", "ip": "::1", "user-agent": "Mozilla/5.0 (Macintosh; Intel Mac OS X 10_15_7) AppleWebKit/537.36 (KHTML, like Gecko) Chrome/100.0.4896.88 Safari/537.36", "errors": "", "cost": 0.000022}
2022-04-14T16:42:18.482+0800	info	Gin_Zap/main.go:97	/hello	{"status": 200, "method": "GET", "path": "/hello", "query": "", "ip": "::1", "user-agent": "Mozilla/5.0 (Macintosh; Intel Mac OS X 10_15_7) AppleWebKit/537.36 (KHTML, like Gecko) Chrome/100.0.4896.88 Safari/537.36", "errors": "", "cost": 0.000127191}
2022-04-14T16:42:19.143+0800	info	Gin_Zap/main.go:97	/hello	{"status": 200, "method": "GET", "path": "/hello", "query": "", "ip": "::1", "user-agent": "Mozilla/5.0 (Macintosh; Intel Mac OS X 10_15_7) AppleWebKit/537.36 (KHTML, like Gecko) Chrome/100.0.4896.88 Safari/537.36", "errors": "", "cost": 0.000012002}
2022-04-14T16:42:19.522+0800	info	Gin_Zap/main.go:97	/hello	{"status": 200, "method": "GET", "path": "/hello", "query": "", "ip": "::1", "user-agent": "Mozilla/5.0 (Macintosh; Intel Mac OS X 10_15_7) AppleWebKit/537.36 (KHTML, like Gecko) Chrome/100.0.4896.88 Safari/537.36", "errors": "", "cost": 0.000009949}
2022-04-14T16:42:19.698+0800	info	Gin_Zap/main.go:97	/hello	{"status": 200, "method": "GET", "path": "/hello", "query": "", "ip": "::1", "user-agent": "Mozilla/5.0 (Macintosh; Intel Mac OS X 10_15_7) AppleWebKit/537.36 (KHTML, like Gecko) Chrome/100.0.4896.88 Safari/537.36", "errors": "", "cost": 0.000022726}
